[backblue.gif]
[fade.gif]
[index.html]
[files.arcfn.com/doc/arc.gif]
[files.arcfn.com/doc/index.html]
[files.arcfn.com/doc/code.css]
[files.arcfn.com/doc/code.gif]
[files.arcfn.com/doc/foundation.gif]
[files.arcfn.com/doc/destructive.gif]
[files.arcfn.com/doc/macro.gif]
[files.arcfn.com/doc/proc.gif]
[files.arcfn.com/doc/var.gif]
[files.arcfn.com/doc/predicate.gif]
[files.arcfn.com/doc/assignment.html]
[files.arcfn.com/doc/combining.html]
[files.arcfn.com/doc/iteration.html]
[files.arcfn.com/doc/conditionals.html]
[files.arcfn.com/doc/evaluation.html]
[files.arcfn.com/doc/list.html]
[files.arcfn.com/doc/macro.html]
[files.arcfn.com/doc/math.html]
[files.arcfn.com/doc/predicates.html]
[files.arcfn.com/doc/string.html]
[files.arcfn.com/doc/table.html]
[files.arcfn.com/doc/type.html]
[files.arcfn.com/doc/variables.html]
[files.arcfn.com/doc/networking.html]
[files.arcfn.com/doc/atomic.html]
[files.arcfn.com/doc/os.html]
[files.arcfn.com/doc/io.html]
[files.arcfn.com/doc/filesystem.html]
[files.arcfn.com/doc/threading.html]
[files.arcfn.com/doc/time.html]
[files.arcfn.com/doc/assoc.html]
[files.arcfn.com/doc/template.html]
[files.arcfn.com/doc/tree1.gif]
[files.arcfn.com/doc/tree2.gif]
[files.arcfn.com/doc/tree.html]
[files.arcfn.com/doc/queue.html]
[files.arcfn.com/doc/error.html]
[files.arcfn.com/doc/anaphoric.html]
[files.arcfn.com/doc/html.html]
[files.arcfn.com/doc/srv.html]
[files.arcfn.com/doc/vars-form.gif]
[files.arcfn.com/doc/app.html]
[files.arcfn.com/doc/macros.html]
[files.arcfn.com/doc/setforms.html]
[files.arcfn.com/doc/fnindex.html]
[files.arcfn.com/doc/index-2.html]
